[DATA_POINT]
1="tcp_connect"
2="tcp_connection_count"
3="mic_recv"
4="HTTP_200"
5="tcp_shutdown"
6="RETRY_KEEP_ALIVE"
[END_TRANSACTION]
1="vuser_init_Transaction"
2="http://127.0.0.1:1080/WebTours/"
3="http://127.0.0.1:1080/WebTours/header.html"
4="http://127.0.0.1:1080/WebTours/images/hp_logo.png"
5="http://127.0.0.1:1080/WebTours/images/webtours.png"
6="http://127.0.0.1:1080/WebTours/welcome.pl?signOff=true"
7="http://127.0.0.1:1080/WebTours/home.html"
8="http://127.0.0.1:1080/WebTours/nav.pl?in=home"
9="http://127.0.0.1:1080/WebTours/images/mer_login.gif"
10="WebTours_Action_14"
11="http://127.0.0.1:1080/WebTours/login.pl"
12="http://127.0.0.1:1080/WebTours/nav.pl?page=menu&in=home"
13="http://127.0.0.1:1080/WebTours/login.pl?intro=true"
14="http://127.0.0.1:1080/WebTours/images/flights.gif"
15="http://127.0.0.1:1080/WebTours/images/itinerary.gif"
16="http://127.0.0.1:1080/WebTours/images/in_home.gif"
17="http://127.0.0.1:1080/WebTours/images/signoff.gif"
18="login.pl_Action_30"
19="http://127.0.0.1:1080/WebTours/welcome.pl?page=search"
20="Search_Flights_Button_Action_52"
21="http://127.0.0.1:1080/WebTours/nav.pl?page=menu&in=flights"
22="http://127.0.0.1:1080/WebTours/images/in_flights.gif"
23="http://127.0.0.1:1080/WebTours/images/home.gif"
24="http://127.0.0.1:1080/WebTours/reservations.pl?page=welcome"
25="http://127.0.0.1:1080/WebTours/images/button_next.gif"
26="http://127.0.0.1:1080/WebTours/FormDateUpdate.class"
27="http://127.0.0.1:1080/WebTours/reservations.pl"
28="reservations.pl_Action_69"
29="reservations.pl_2_Action_96"
30="reservations.pl_3_Action_117"
31="http://127.0.0.1:1080/WebTours/images/bookanother.gif"
32="http://127.0.0.1:1080/WebTours/welcome.pl?page=itinerary"
33="http://127.0.0.1:1080/WebTours/nav.pl?page=menu&in=itinerary"
34="Itinerary_Button_Action_149"
35="itinerary.pl_Action_162"
36="Action_Transaction"
37="http://127.0.0.1:1080/WebTours/images/in_itinerary.gif"
38="http://127.0.0.1:1080/WebTours/itinerary.pl"
39="http://127.0.0.1:1080/WebTours/images/cancelallreservations.gif"
40="http://127.0.0.1:1080/WebTours/images/cancelreservation.gif"
41="vuser_end_Transaction"
